// Jest Snapshot v1, https://goo.gl/fbAQLP

exports[`Test Badge component matches the snapshot 1`] = `
<span
  className="badge badge-info"
>
  Active
</span>
`;
